../Core/Src/main.c:80:5:main	8	static
../Core/Src/main.c:130:6:SystemClock_Config	88	static
../Core/Src/main.c:172:13:MX_ADC1_Init	24	static
../Core/Src/main.c:224:13:MX_CAN1_Init	8	static
../Core/Src/main.c:261:13:MX_I2C1_Init	8	static
../Core/Src/main.c:295:13:MX_SPI1_Init	8	static
../Core/Src/main.c:333:13:MX_USART1_UART_Init	8	static
../Core/Src/main.c:364:13:MX_DMA_Init	16	static
../Core/Src/main.c:382:13:MX_GPIO_Init	16	static
../Core/Src/main.c:403:6:Error_Handler	4	static,ignoring_inline_asm
