../Core/Src/main.c:88:6:HAL_CAN_RxFifo0MsgPendingCallback	16	static
../Core/Src/main.c:97:5:main	8	static
../Core/Src/main.c:166:6:SystemClock_Config	88	static
../Core/Src/main.c:213:13:MX_ADC2_Init	24	static
../Core/Src/main.c:265:13:MX_ADC3_Init	24	static
../Core/Src/main.c:317:13:MX_CAN1_Init	48	static
../Core/Src/main.c:367:13:MX_CAN2_Init	8	static
../Core/Src/main.c:404:13:MX_I2C2_Init	8	static
../Core/Src/main.c:438:13:MX_USART3_UART_Init	8	static
../Core/Src/main.c:471:13:MX_USB_OTG_FS_PCD_Init	8	static
../Core/Src/main.c:506:13:MX_GPIO_Init	64	static
../Core/Src/main.c:613:6:Error_Handler	4	static,ignoring_inline_asm
