../Core/Src/main.c:85:5:main	40	static
../Core/Src/main.c:140:6:SystemClock_Config	88	static
../Core/Src/main.c:187:13:MX_ADC2_Init	24	static
../Core/Src/main.c:239:13:MX_ADC3_Init	24	static
../Core/Src/main.c:291:13:MX_CAN1_Init	8	static
../Core/Src/main.c:328:13:MX_CAN2_Init	8	static
../Core/Src/main.c:365:13:MX_I2C2_Init	8	static
../Core/Src/main.c:399:13:MX_USART3_UART_Init	8	static
../Core/Src/main.c:432:13:MX_USB_OTG_FS_PCD_Init	8	static
../Core/Src/main.c:467:13:MX_GPIO_Init	64	static
../Core/Src/main.c:574:6:Error_Handler	4	static,ignoring_inline_asm
