12:22:29 **** Incremental Build of configuration Debug for project Stm32_Nucleo ****
make -j4 all 
arm-none-eabi-gcc "../Core/Src/main.c" -mcpu=cortex-m4 -std=gnu11 -g3 -DDEBUG -DUSE_HAL_DRIVER -DSTM32F446xx -c -I../Core/Inc -I../Drivers/STM32F4xx_HAL_Driver/Inc -I../Drivers/STM32F4xx_HAL_Driver/Inc/Legacy -I../Drivers/CMSIS/Device/ST/STM32F4xx/Include -I../Drivers/CMSIS/Include -O0 -ffunction-sections -fdata-sections -Wall -fstack-usage -fcyclomatic-complexity -MMD -MP -MF"Core/Src/main.d" -MT"Core/Src/main.o" --specs=nano.specs -mfpu=fpv4-sp-d16 -mfloat-abi=hard -mthumb -o "Core/Src/main.o"
arm-none-eabi-g++ -o "Stm32_Nucleo.elf" @"objects.list"   -mcpu=cortex-m4 -T"C:\Users\tommy\Documents\GitHub\FSAE-HMI-2024\STM32\Stm32_Nucleo\STM32F446ZETX_FLASH.ld" --specs=nosys.specs -Wl,-Map="Stm32_Nucleo.map" -Wl,--gc-sections -static --specs=nano.specs -mfpu=fpv4-sp-d16 -mfloat-abi=hard -mthumb -Wl,--start-group -lc -lm -lstdc++ -lsupc++ -Wl,--end-group
Finished building target: Stm32_Nucleo.elf
 
arm-none-eabi-size  Stm32_Nucleo.elf 
arm-none-eabi-objdump -h -S Stm32_Nucleo.elf  > "Stm32_Nucleo.list"
   text	   data	    bss	    dec	    hex	filename
  23036	     92	   3348	  26476	   676c	Stm32_Nucleo.elf
Finished building: default.size.stdout
 
Finished building: Stm32_Nucleo.list
 

12:22:31 Build Finished. 0 errors, 0 warnings. (took 2s.172ms)

