../Drivers/CMSIS/Include/core_cm4.h:2064:26:ITM_SendChar	16	static,ignoring_inline_asm
../Core/Src/main.c:72:6:HAL_GPIO_EXTI_Callback	16	static
../Core/Src/main.c:86:6:HAL_CAN_RxFifo0MsgPendingCallback	16	static
../Core/Src/main.c:97:5:_write	32	static
../Core/Src/main.c:122:5:main	8	static
../Core/Src/main.c:172:6:SystemClock_Config	88	static
../Core/Src/main.c:214:13:MX_CAN1_Init	48	static
../Core/Src/main.c:265:13:MX_USART2_UART_Init	8	static
../Core/Src/main.c:298:13:MX_GPIO_Init	24	static
../Core/Src/main.c:324:6:HAL_TIM_PeriodElapsedCallback	16	static
../Core/Src/main.c:341:6:Error_Handler	4	static,ignoring_inline_asm
